=== RUN   TestBlobCompressionAndDecompression
--- PASS: TestBlobCompressionAndDecompression (0.00s)
=== RUN   TestDeltaEncodingAndReconstruction
--- PASS: TestDeltaEncodingAndReconstruction (0.00s)
=== RUN   TestReadFileBlobDecompressed
--- PASS: TestReadFileBlobDecompressed (0.00s)
=== RUN   TestLoadOrInitRepo_New
--- PASS: TestLoadOrInitRepo_New (0.00s)
=== RUN   TestLoadOrInitRepo_Existing
--- PASS: TestLoadOrInitRepo_Existing (0.00s)
=== RUN   TestCreateCommitAndGetChanges
--- PASS: TestCreateCommitAndGetChanges (0.00s)
=== RUN   TestHasRemote
--- PASS: TestHasRemote (0.00s)
=== RUN   TestSync_NoRemote
--- PASS: TestSync_NoRemote (0.00s)
=== RUN   TestLoadCommit
--- PASS: TestLoadCommit (0.00s)
=== RUN   TestGetCurrentStateAndWorkingState
--- PASS: TestGetCurrentStateAndWorkingState (0.00s)
=== RUN   TestCalculateFileHash
--- PASS: TestCalculateFileHash (0.00s)
PASS
ok  	steria/internal/storage	0.005s
